mysql> select timediff(time, '2016-01-01 00:00:00') from test;        
+---------------------------------------+
| timediff(time, '2016-01-01 00:00:00') |
+---------------------------------------+
| NULL                                  |
| NULL                                  |
| 00:00:00                              |
| NULL                                  |
+---------------------------------------+
4 rows in set (0.00 sec)

mysql> select timediff(time, '2015-01-01 00:00:00') from test; 
+---------------------------------------+
| timediff(time, '2015-01-01 00:00:00') |
+---------------------------------------+
| NULL                                  |
| NULL                                  |
| 838:59:59                             |
| NULL                                  |
+---------------------------------------+
4 rows in set, 1 warning (0.00 sec)

mysql> select * from test where timediff(time, '2015-01-01 00:00:00') > 0;
+---------------------+-------+
| time                | value |
+---------------------+-------+
| 2016-01-01 00:00:00 |    10 |
+---------------------+-------+
1 row in set, 1 warning (0.00 sec)

mysql> select * from test where timediff(time, '2015-12-31 00:00:00') > 0;    
+---------------------+-------+
| time                | value |
+---------------------+-------+
| 2016-01-01 00:00:00 |    10 |
+---------------------+-------+
1 row in set (0.00 sec)

mysql> select * from test where timediff(time, '2015-12-31 00:00:00') > 24:00:00;
ERROR 1064 (42000): You have an error in your SQL syntax; check the manual that corresponds to your MySQL server version for the right syntax to use near ':00:00' at line 1
mysql> select * from test where timediff(time, '2015-12-31 00:00:00') > '24:00:00';
Empty set (0.00 sec)

mysql> select * from test where timediff(time, '2015-12-31 00:00:00') > '23:00:00';
+---------------------+-------+
| time                | value |
+---------------------+-------+
| 2016-01-01 00:00:00 |    10 |
+---------------------+-------+
1 row in set (0.00 sec)
